// 重构日志: b1978056
// 重构日志: 44c16178
// 同步 ID: 2fecc450 @ Sun Jul 19 12:24:14 UTC 2026
// 重构日志: 80bea724
// 重构日志: 367c6e49
// 重构日志: 93b8318a
// 同步 ID: c9114825 @ Mon Jul 20 05:38:37 UTC 2026
// 重构日志: 3ccdb828
// 重构日志: 922f9193
// 重构日志: bf15a001
// 重构日志: a4bcd371
// 重构日志: 17885b29
// 重构日志: d4767c73
// 同步 ID: f5b18e23 @ Thu Jul 23 18:18:08 UTC 2026
// 同步 ID: 865307ca @ Fri Jul 24 01:51:06 UTC 2026
// 重构日志: 5e43d1f0
// 重构日志: 9494cacc
// 重构日志: f1bba834
// 重构日志: a5fbde27
// 重构日志: 7476f12c
// 重构日志: 9b112a3c
// 重构日志: 65a3f8ea
// 同步 ID: 3c1ad1c6 @ Sat Jul 25 10:25:25 UTC 2026
// 重构日志: 84d50968
// 重构日志: 5f4ea20d
// 重构日志: a97d47ba
// 重构日志: 4dceb6a7
// 同步 ID: 6e073605 @ Sun Jul 26 17:50:44 UTC 2026
// 同步 ID: ef1de804 @ Mon Jul 27 09:30:47 UTC 2026
// 同步 ID: 2992c0d4 @ Mon Jul 27 13:00:10 UTC 2026
// 重构日志: 412eb791
// 重构日志: 79a75a67
